---
source: crates/loom/tests/cli_help.rs
expression: "loom_help(&[\"note\", \"clear\"])"
---
Delete notes for the spec

Usage: loom note clear [OPTIONS] <LABEL>

Arguments:
  <LABEL>  Spec label

Options:
      --kind <KIND>       Note kind [default: implementation]
  -w, --workspace <PATH>  Workspace root. Defaults to the current working directory
      --all-kinds         Clear notes across every kind
      --host-key          Explicitly allow ambient host Git credentials and signing config
  -A, --agent <BACKEND>   Override the agent backend for this invocation [possible values: claude, pi, direct]
  -h, --help              Print help
