---
source: crates/loom-templates/tests/snapshots.rs
expression: ctx.render()?
---
# Implementation Step

## Canonical Agent-Output Syntax

Only these messages are admitted in Loop. This compiled table is authoritative for spelling, role, and payload arity. Decoding proposes outcomes; it does not authorize Beads changes or publication.

| Wire spelling | Role |
| --- | --- |
| `LOOM_CLARIFY: <JSON object>` | Record |
| `LOOM_COMPLETE` | Terminal |
| `LOOM_NOOP` | Terminal |
| `LOOM_WAITING` | Terminal |
| `LOOM_RETRY: <JSON object>` | Terminal |
| `LOOM_BLOCKED: <JSON object>` | Terminal |

Live messages start in column one. Data messages require strict JSON (compact or pretty-printed); escape newlines inside strings. Do not use preceding prose as a payload. Records precede exactly one final logical terminal, with no trailing commentary. Prompt examples, tool output, and driver events are not agent messages.


## Context Pinning

First, read the project overview to understand project terminology and context:

# Project Overview

Loom orchestrates the spec-to-implementation workflow.

## Current Feature

Label: harness
Spec file: specs/harness.md

## Companions

The following companion directories are in scope. Read each one's `manifest.md` on demand:



- lib/sandbox/



## Style Rules

Before writing or modifying code, read `docs/style-rules.md` end-to-end. The
document is organized into rule families; discover the families from the
document itself — do not assume a fixed prefix list. Apply every rule that
is applicable to the diff you are about to produce, citing each rule by the
id it is given in the document.

## Scratchpad

You have a per-session scratchpad at `/workspace/.loom/scratch/lm-3hhwq.10/scratch.md`. The file starts empty; append to it as the session progresses.

**Purpose.** This is a **compaction-recovery aid, not durable storage.** The
file lives only for the lifetime of this session: the driver creates it at
session start and removes it at session end on every exit path. After
compaction, the harness re-pins the original prompt plus the scratchpad's
current contents so you regain the working notes you would otherwise have
lost.

**What to append:**

- Decisions you have made and the reasoning that tipped them, so you do not
  re-litigate them after compaction.
- Open questions you are tracking and what would resolve them.
- TODOs for the remainder of this session — files to touch next, checks to
  re-run, follow-ups inside this session's scope.
- Hypotheses you have already ruled out (with the evidence), so you do not
  re-explore them.

**What NOT to put here.** Anything that needs to outlive this session belongs
in a phase-authorized durable destination, not the scratchpad:

- Decisions, design rationale, or open questions that future sessions need →
  the durable surface this phase authorizes (spec/index markdown, bead state,
  implementation notes, or finding evidence). If this phase is inspection-only,
  surface the state through its output protocol instead of writing state directly.
- Implementation context for future agents → spec file or `AGENTS.md` /
  companion docs when this phase authorizes those edits.
- Why a change was made → the commit message.
- Cross-session follow-up work → the phase-authorized work queue or output
  protocol, never the scratchpad alone.

The scratchpad will be deleted when this session ends. If a thought is worth
keeping past session end, move it to the authorized durable destination for
this phase **before** you finish.

**How to append.** Append to the file directly — for example,
`echo "..." >> .loom/scratch/<key>/scratch.md` or via the Edit tool.
Do not rewrite or truncate prior contents; the recovery payload is the full
running log.


## Current Spec

Read: specs/harness.md

## Dispatch Base

Bead base: `0123456789abcdef0123456789abcdef01234567`

This is the exact integration tip resolved for this dispatch. Use it for the
completion self-check range; do not substitute the current `HEAD`, a molecule
base, or an upstream that points elsewhere.

## Issue Details

Issue: lm-3hhwq.10
Title: <agent-output>port templates</agent-output>

<agent-output>
Port templates to Askama.
</agent-output>

Retry attempt 1 — previous attempt failed with:

<agent-output>
Build failed at agent:
error: cargo test failed
</agent-output>

## Instructions



> Re-read the previous failure block above and address its specific
> concern before re-implementing.



1. **Understand**: Read the spec and issue thoroughly before making changes
2. **Test Strategy**: Decide between:
   - Property-based tests: For functions with clear invariants, mathematical properties
   - Unit tests: For specific behaviors, edge cases, integration points
3. **Implement**: Write code following the spec
4. **Discovered Work**: If you find tasks outside this issue's scope:
   - Create the issue as a child of the molecule:
     ```bash
     NEW_ID=$(bd create --title="..." --type=task --labels="spec:harness" \
       --parent="lm-3hhwq" --silent)
     ```
   - Set execution order if needed:
     - **Blocks current task**: `bd dep add lm-3hhwq.10 $NEW_ID` (current waits for new), then emit `LOOM_WAITING`
     - **Depends on current task**: `bd dep add $NEW_ID lm-3hhwq.10` (new waits for current)
     - **Independent**: No dep needed—`bd ready` will surface it when unblocked
   - Do NOT implement discovered tasks in this session—stay focused
5. **Quality Gates**: Before completing, ensure:
   - All tests pass
   - Lint checks pass
   - Changes committed
6. **Blocked vs Waiting**: Distinguish dependency waits, clarify decisions, and true dead ends:
   - Unresolved human decisions with viable options? → persist dedicated decision beads with Options briefs, report nonterminal `LOOM_CLARIFY: {"decisions":["<id>"]}` records, then independently finish or wait on actual prerequisites
   - Semantic dead end with no safe options to enumerate? → `LOOM_BLOCKED: {"reason":"<why safe options cannot be framed>"}`
   - Need other beads done? → Add the blocking dependency with `bd dep add`, leave this bead open, then output `LOOM_WAITING`
7. **Already Implemented**: If the task's work is already done in the codebase,
   verify correctness, run `bd close lm-3hhwq.10`,
   and emit `LOOM_NOOP` (empty diff means no-op, not zero-progress).
8. **Closing the bead**: After committing your changes and before emitting
   `LOOM_COMPLETE`, run `bd close lm-3hhwq.10`.
   The verdict gate observes `bd-closed` as the agent's responsibility — a
   `LOOM_COMPLETE` without a closed bead is treated as `incomplete-signaling`
   and enters recovery.

## Spec Verifications

After implementing the issue, check the spec's Success Criteria for
`[check]` / `[test]` / `[system]` / `[judge]` annotations whose targets
are relevant to this issue's work.

- **`[check]` annotations**: The target is a shell command (e.g.
  `cargo run -p loom-walk -- foo`) — no file to create. If the command's
  first token doesn't yet exist on PATH or the walk it names isn't yet
  wired, land that wiring in this issue.
- **`[test]` annotations**: The target is a language-native path. For
  Rust (`crate::module::test_name`), add the `#[test]` function in the
  matching module. For shell (`tests/foo.sh#test_x`), create the
  referenced file if it doesn't exist; the function exits 0 on success,
  non-zero on failure, uses `set -euo pipefail`, and exits 77 to skip
  (e.g. platform not available).
- **`[system]` annotations**: The target is a system-level command
  (`nix run .#smoke`, container build). Same rules as `[check]` —
  it's a command string, not a file to create. Make sure the system
  invocation actually exists.
- **`[judge]` annotations**: Create the referenced judge rubric file if
  it doesn't exist. Each function calls `judge_files "path/to/source"`
  and `judge_criterion "what to evaluate"`. See `tests/judges/example.sh`
  for format.
- Only create verifiers for criteria related to the current issue — don't
  implement all spec verifications, just the ones relevant to your work.
- If the test file already exists, add your function to it rather than
  overwriting.

## Quality Gates

Before outputting LOOM_COMPLETE:

- Tests written and passing
- Lint checks pass
- Changes staged (`git add`)
- Spec verification test files created for relevant criteria
- Bead closed (`bd close lm-3hhwq.10`)
- Preflight self-check: run `loom gate verify --diff 0123456789abcdef0123456789abcdef01234567..HEAD` using the exact bead base injected for this dispatch. If the branch upstream is that injected base, `loom gate verify --diff @{u}..HEAD` is acceptable. Resolve any findings in-session before emitting `LOOM_COMPLETE` — do not defer findings to a follow-up bead.
- Rerun the self-check after any later commit, formatter or hook tree change, or other change that could invalidate the prior run.
- Prompt-level self-review: before the final marker, re-read the issue criteria, inspect the committed diff, verify style/spec fit, and either fix issues, report dedicated decisions with the appropriate source outcome, or emit `LOOM_RETRY` / `LOOM_BLOCKED` with the required self-report framing.

Post-step hooks verify compliance automatically.

## Land the Plane

Before outputting LOOM_COMPLETE, follow the **Session Protocol** in `AGENTS.md`.

## Dependency-Wait Marker

`LOOM_WAITING` is the loop-only terminal for pausing this open bead on work
owned by another bead. Before emitting it:

1. Declare the blocking edge with `bd dep add <current-bead> <blocker-bead>`.
2. Leave the current bead open; do **not** run `bd close`.
3. Ensure at least one declared blocker is still active (not closed).

Then end with the bare marker as the final non-empty line:

```text
LOOM_WAITING
```

The marker carries no JSON or prose payload because the Beads dependency graph
is the durable authority. A valid wait preserves this bead's workspace and
branch, skips integration and per-bead gates, consumes no retry budget, and
adds no blocked/clarify/infra label or status. The scheduler continues other
ready work; `bd ready` resurfaces this bead after its blockers close.

A marker on a closed bead or without an active declared blocking dependency is
invalid and enters recovery rather than silently parking the bead.

## Progress Markers

End your response with exactly **one** marker on its own line, as
the final output of the session. The orchestrator parses **only the
final non-empty line** verbatim to derive the gate's verdict —
markers emitted on any earlier line are treated as
`swallowed-marker`, and multiple markers on the final line are
likewise rejected. Markers are mutually exclusive: emit one and
only one.

Progress markers report that the session's work is **done**. Their
phase-specific meaning is:

- `LOOM_COMPLETE` — The phase succeeded. In review, this means a
  clean inspection with zero findings; no diff is expected and
  `bd close` is not part of review. In interactive plan/inbox
  sessions, it ends the human-in-the-loop chat. In `loom loop`, it
  also means the bead's acceptance criteria are met, the bead has
  been closed via `bd close`, and the diff is non-empty (real
  changes); see `LOOM_NOOP` below for the loop zero-diff variant.
- `LOOM_NOOP` — Loop-only success: the work was already done in tree
  and this `loom loop` phase intentionally produced an empty diff.
  Close the bead with `bd close` before emitting. Use `LOOM_NOOP`
  instead of `LOOM_COMPLETE` whenever the loop diff is empty — an
  empty loop diff with `LOOM_COMPLETE` is treated as `zero-progress`
  and enters recovery. `LOOM_NOOP` is not a review, plan, todo, or
  inbox terminal.

If this phase pins self-report markers and you cannot finish — needing
human input or a decision among multiple resolutions — emit one of the
self-report markers documented separately (see _Self-Report Markers_).
Interactive plan/inbox sessions resolve friction with the human in-turn
instead of worker self-report markers.

## Decision Records and Self-Reports

Decision discovery is independent of the session's terminal outcome. Loop and
Todo report all currently discovered unresolved human decisions through
nonterminal records, never a bare `LOOM_CLARIFY` terminal:

```text
LOOM_CLARIFY: {"decisions":["<decision-bead-id>","<another-decision-id>"]}
```

Each decision has one dedicated bead with one canonical Options brief. Parent it
directly under the discovering task (Loop) or injected work epic (Todo); do not
put unrelated briefs on the source or label the source `loom:clarify`. Create
new candidates with `status=blocked`, without `loom:clarify`, `loom:blocked`, or
`loom:infra` queue labels. Persist producer/source and work-root provenance
alongside the brief and proposed edges; the driver admits references and briefs
before queue or scheduling effects. Reuse compatible existing decisions rather
than duplicating them. Report the full known set, including persisted candidates
from an interrupted attempt; do not leave an invisible unreported decision.

```markdown
## Options — <one-line summary of the decision, ≤80 chars>

### Option 1 — <short title>
<body paragraph(s) describing the option, naming its cost>

### Option 2 — <short title>
<body, including cost>

### Option 3 — <short title>
<body, including cost>
```

**Rules:**

- The `## Options` header carries a one-line summary (≤50 chars)
  separated from the word `Options` by em-dash `—` (default),
  en-dash `–`, single hyphen `-`, or double hyphen `--`. Parsers
  tolerate any of these; emit em-dash by default.
- Each option is `### Option N — <title>` where `N` is 1-based
  sequential. Numbering is required so `loom inbox` can parse and
  render each option consistently.
- Each option body extends from its `### Option N` heading until
  the next `### Option` or the next `##` heading; name the cost
  (churn, debt, coupling, risk).
- Use contextual options per decision — typically 2–4, each
  naming its cost. Do NOT emit a fixed A/B/C menu.

`loom inbox` parses this format to render the SUMMARY column,
enumerate options for view mode, and provide structured chat context.
A malformed block — or one that lives only in your prose, never
persisted to bead state — leaves the options invisible to
`loom inbox`'s queue and chat context.

Only work whose acceptance genuinely requires a decision gets a prerequisite:
`bd dep add <affected-work> <decision>`. Parentage alone is not a prerequisite.
If the source itself must wait, declare its active prerequisites, leave it open,
then end with `LOOM_WAITING`. If a decision affects only other implementation
work, finish independent work and use the normal `LOOM_COMPLETE` / `LOOM_NOOP`
(Loop) or valid `LOOM_TODO` payload (Todo). A decision record is not completion,
and a human answer does not automatically close implementation work.

Do not ask for ratification of a clear recommended path. When the spec, code,
and research establish a safe preference, implement or file that plan directly.
Reserve decisions for genuinely unresolved viable choices with materially
different costs or risks you cannot adjudicate. Options name concrete costs,
not a fixed generic menu.

When the session itself cannot finish, use exactly one terminal on the final
non-empty line, instead of a success terminal:

- `LOOM_RETRY: {"reason":"<nonblank reason>"}` — A fresh dispatch is likely
  to succeed after an environmental failure or agent self-reset. Explain the
  failure honestly; do not disguise a semantic decision as a transient error.
- `LOOM_BLOCKED: {"reason":"<nonblank no-safe-options rationale>"}` — A genuine
  semantic dead end: retry is not expected to help and candidate resolutions
  cannot be safely enumerated. The reason must explain **why options cannot be
  safely framed**, not merely say that user input is needed. If viable options
  can be framed, persist dedicated decisions, report their references, and use
  the source's appropriate independent terminal instead.

**Discriminator.** Fresh dispatch likely to help? → Retry. Safe unresolved
options available? → dedicated decision records plus the actual source outcome.
Semantic dead end with no safe options? → Blocked with the no-options reason.
Never use a Clarify record as a terminal or combine two terminals.

**Worker phases only.** Review is inspection-only: it uses clarify-route finding
Options evidence, never direct decision-bead mutation or Clarify records.
Interactive Plan/Inbox resolve questions with the human in-turn and do not use
worker self-reports.
