---
source: crates/loom-templates/tests/snapshots.rs
expression: ctx.render().unwrap()
---
# Task Decomposition

You are decomposing a specification into implementable tasks. Your goal is to
create a beads molecule (epic + child issues) that breaks down the work.

## Context Pinning

First, read the project overview to understand project terminology and context:

# Project Overview

Loom orchestrates the spec-to-implementation workflow.

## Current Feature

Label: harness
Spec file: specs/harness.md

## Specification Content

Read the spec at `specs/harness.md` for full content before decomposing.

## Companions

The following companion directories are in scope. Read each one's `manifest.md` on demand:

- lib/sandbox/


## Scratchpad

You have a per-session scratchpad at `.wrapix/loom/scratch/<key>/scratch.md`,
where `<key>` is your session's concurrency unit — the spec label for `loom
plan` / `loom todo` sessions, the bead ID for `loom loop` / `loom gate` /
`loom msg` sessions. The file starts empty; append to it as the session
progresses.

**Purpose.** This is a **compaction-recovery aid, not durable storage.** The
file lives only for the lifetime of this session: the driver creates it at
session start and removes it at session end on every exit path. After
compaction, the harness re-pins the original prompt plus the scratchpad's
current contents so you regain the working notes you would otherwise have
lost.

**What to append:**

- Decisions you have made and the reasoning that tipped them, so you do not
  re-litigate them after compaction.
- Open questions you are tracking and what would resolve them.
- TODOs for the remainder of this session — files to touch next, checks to
  re-run, follow-ups inside this session's scope.
- Hypotheses you have already ruled out (with the evidence), so you do not
  re-explore them.

**What NOT to put here.** Anything that needs to outlive this session belongs
in a durable destination, not the scratchpad:

- Decisions, design rationale, or open questions that future sessions need →
  bead notes (`bd update <id> --notes "..."`) or the spec file (`specs/<label>.md`).
- Implementation context for future agents → spec file or `AGENTS.md` /
  companion docs.
- Why a change was made → the commit message.
- Cross-session follow-up work → a new bead (`bd create ...`).

The scratchpad will be deleted when this session ends. If a thought is worth
keeping past session end, write it to one of the durable destinations above
**before** you finish.

**How to append.** Append to the file directly — for example,
`echo "..." >> .wrapix/loom/scratch/<key>/scratch.md` or via the Edit tool.
Do not rewrite or truncate prior contents; the recovery payload is the full
running log.

## Criterion Status

The status cache below shows the latest cached verifier verdict for each
Success-Criteria bullet in scope. Use these signals to distinguish criteria
already covered by a fresh-pass verifier from those that are stale, never-run,
or failing — they are the evidence the Decomposition Discipline (next section)
requires before you author any non-audit bead.

- **engine-001** · annotation `[check](cargo build -p loom-templates)` · result `Pass` · last commit `abc1234` · commits since 0 · last timestamp 1716300000000
- **engine-002** · annotation `[test](template_renders_are_byte_stable_across_runs)` · result `Fail` · last commit `def5678` · commits since 7 · last timestamp 1716200000000
- **criterion-status-001** · annotation `[test](todo_templates_render_criterion_status_rows)` · result `NoResult` · last commit — · commits since — · last timestamp —
- **engine-003** · annotation `[check](cargo run -p loom-walk -- template_pinning_matrix)` · result `Skipped` · last commit `9abcdef` · commits since 3 · last timestamp 1716250000000

## Decomposition Discipline

Every bead you author in this session must correspond to **evidence-confirmed
missing work**, not to a Success Criteria bullet considered in the abstract. A
spec criterion that already has a fresh, honest verifier verdict is positive
evidence of coverage, not a candidate for a new implementation bead.

### Audit before fan-out

Before authoring any non-audit bead, you MUST:

1. **Consult the `criterion_status` surface** rendered above for each
   criterion in scope. Each row exposes the criterion's annotation target,
   the cached verifier verdict (`Pass | Fail | Skipped | NoResult`), the
   timestamp of the run that produced that verdict, the commit it was
   recorded against, and how many commits have landed on HEAD since. A
   row whose verdict is `Pass`, whose timestamp is recent, and whose
   commits-since count is low is positive evidence of coverage — do
   **not** author a bead for it.

2. **Inspect representative implementations and verifier functions** for
   any row that is suspicious: a stale timestamp, a large commits-since
   value, a `NoResult` row on a fresh checkout, or a verifier-target
   name whose body may not actually exercise the live system. A
   directory listing proves the file exists; it does not prove the
   file contains the named target, and it does not prove the named
   target exercises the contract the criterion asserts. Read the
   verifier body, and read the production code path the verifier
   claims to cover.

The discipline is template-agnostic: it applies to whatever workspace
layout the consumer has. "Representative implementations" means the
production code path the criterion's verifier is supposed to exercise,
under whatever organisation that consumer's repository uses.

### What the audit governs

The `criterion_status` audit governs **how** the work you have been
handed decomposes into beads — split, merge, dependency-order — **not
whether** that work gets authored at all. The audit reflects
**prior-molecule** coverage as of the current HEAD; the planning inputs
to this session (the Implementation Notes section above, when present,
and the spec diff in `todo_update`) describe **next-molecule** planned
work that has not yet been implemented.

A planning input that describes implementation work is still a bead
even when the criteria it asserts already show as `Pass` in the
status surface — the `Pass` row is evidence that the *prior* molecule
landed its claim honestly, not evidence that the *next* planned
change has already shipped. Refusing to author such a bead because
the audit row is green is the failure mode this clause closes.

The audit's role is to discipline the *shape* of the decomposition:
which notes collapse into a single bead, which split across several,
how the resulting beads order against each other, and whether any of
them are made redundant by an existing fresh-pass verifier. It is
**not** a gate on whether the session produces beads at all when
planning inputs are present.

### Two acceptable session outcomes

A decomposition session has **exactly two** acceptable outcomes:

- **(a) Gap-targeted bead set.** You author beads only for criteria the
  audit confirms are missing, incomplete, or covered by a dishonest
  verifier (one that asserts a tautology, mocks the thing it claims to
  test, or otherwise passes for the wrong reason). For each such bead,
  cite the evidence that drove its creation in the bead description:
  the `criterion_status` row you consulted (annotation target, last
  verdict, timestamp/commits-since), the file you read that surfaced
  the gap, and/or the verifier-source observation that showed the
  target was dishonest. A bead without an evidence citation is a
  decomposition failure — the gate's review walk treats it as a
  fan-out by axis rather than by gap.

- **(b) Clarify on the molecule epic.** When coverage cannot be
  determined by inspection — the spec is ambiguous, verifier targets
  conflict, or your judgement of the status cache's trustworthiness
  is itself contestable — emit `LOOM_CLARIFY`. Persist both the
  question and the canonical `## Options — …` block to the **molecule
  epic's** notes per the *Options Format Contract* in `specs/gate.md`
  before emitting the marker. The verdict gate applies
  `loom:clarify` to the epic; the human resolves via `loom msg
  <epic>`, and a subsequent `loom todo` invocation consumes the
  answer from the epic's notes before fanning out.

Per-bead `loom:clarify` is not appropriate here: in `todo_new` the
child beads do not yet exist, and in `todo_update` they are exactly
the set under negotiation. The molecule epic is the only
session-stable carrier for "this molecule's decomposition is paused
pending clarification."

### Epic-first-always ordering

For the clarify-on-epic fallback to be viable mid-decomposition, the
molecule epic must exist **before** any criterion-by-criterion gap
analysis runs. In `todo_new` flows, create the molecule epic as the
first authoring step — before reading `criterion_status` rows for
gap analysis, before authoring any child bead. In `todo_update`
flows the molecule already exists, so the ordering is automatic.

Without this ordering, hitting an audit ambiguity mid-decomposition
would leave the clarify with no valid target — the very failure mode
the discipline is meant to prevent.

### Enumerate-everything fan-outs are structurally invalid

A fixed decomposition axis applied across the board irrespective of
evidence — for example, "setup, implementation, tests, documentation"
mechanically expanded onto every criterion — is precisely the failure
mode this discipline targets. The combined effect of (i) the
`criterion_status` surface exposing positive evidence that whole axes
already pass and (ii) the audit-before clause's evidence-confirmation
prerequisite for bead authorship makes such fan-outs structurally
unviable. `loom gate review`'s judge-tier walk is what catches any
decomposition that bypasses the `criterion_status` surface to
re-introduce enumerate-everything beads.

## Task Breakdown Guidelines

- Each task should be **self-contained** with enough context for a fresh agent
- Order tasks by **dependencies** (what must be done first)
- Keep tasks **focused** - one clear objective per task
- Include **test tasks** where appropriate
- **Assign profile per-task** based on what that specific task needs

## Profile Assignment

Each task needs a `profile:X` label to select the right container toolchain in `loom loop`:

| Task Type | Profile | When to Use |
|-----------|---------|-------------|
| Rust implementation | `profile:rust` | Tasks touching `.rs` files or using cargo |
| Python implementation | `profile:python` | Tasks touching `.py` files or using pytest/pip |
| Nix/shell/docs | `profile:base` | Tasks touching only `.nix`, `.sh`, `.md` files |

Different tasks in the same molecule can have different profiles. Assign based on what each specific task needs.

## Instructions

1. **Analyze the spec** - Understand all requirements and affected files
2. **Create the epic** (molecule root) and **store its ID**:
   ```bash
   MOLECULE_ID=$(bd create --type=epic --title="<feature name>" --labels="spec:harness" --silent)
   echo "Created molecule: $MOLECULE_ID"
   ```
   **CRITICAL:** Use the exact ID returned by `bd create --silent`. Do NOT substitute
   a molecule ID from the spec index or any other source — `bd create` generates a
   unique ID and that is the only valid value. Create the epic **before** any
   criterion-by-criterion gap analysis below, so the `LOOM_CLARIFY`-on-epic
   fallback always has a valid target if the audit cannot complete.
3. **Audit before fan-out** — walk every Success-Criteria bullet in scope
   against the **Criterion Status** section above. A row whose verdict is
   `Pass`, whose timestamp is recent, and whose commits-since count is low
   is positive evidence of coverage — do **not** author a bead for it. For
   every suspicious row (stale timestamp, large commits-since, `NoResult`
   on a fresh checkout, or a verifier-target name whose body may not
   exercise the live system), read the verifier function and the
   production code path it claims to cover before deciding the criterion
   is a gap. Cite the evidence (the criterion-status row, the file read,
   and/or the verifier-source observation) in each bead's description so
   the review walk can distinguish gap-targeted beads from axis-fan-out
   beads. If coverage cannot be determined by inspection, persist a
   `## Options — …` block to the molecule epic's notes and emit
   `LOOM_CLARIFY` per the Decomposition Discipline above.
4. **Create child tasks** with `--parent` and appropriate `profile:X` label:
   ```bash
   TASK_ID=$(bd create --title="<task title>" --description="<detailed description>" \
     --type=task --labels="spec:harness,profile:rust" --parent="$MOLECULE_ID" --silent)
   ```
5. **Set execution order** with `bd dep add` for tasks that must run sequentially:
   ```bash
   bd dep add <later-task> <earlier-task>  # later-task waits for earlier-task
   ```

### Key Concepts

| Mechanism | Purpose | Effect |
|-----------|---------|--------|
| `--parent` | Links task to molecule | Enables `loom status` progress tracking |
| `bd dep add` | Sets execution order | Controls what `bd ready` returns next |
| `profile:X` | Selects container profile | Determines toolchain available in `loom loop` |

Both `--parent` and `bd dep add` are required: `--parent` for visibility, `bd dep add` for ordering.

## Output Format

After creating all tasks:

1. List the epic ID and all task IDs created
2. Show the dependency graph
3. Confirm the molecule was created

## Progress Markers

End your response with exactly **one** marker on its own line, as
the final output of the session. The orchestrator parses **only the
final non-empty line** verbatim to derive the gate's verdict —
markers emitted on any earlier line are treated as
`swallowed-marker`, and multiple markers on the final line are
likewise rejected. Markers are mutually exclusive: emit one and
only one.

Progress markers report that the session's work is **done**:

- `LOOM_COMPLETE` — The work succeeded. For worker phases
  (`loom loop`), this also means the bead's acceptance criteria are
  met and the bead has been closed via `bd close`. The diff must be
  non-empty (real changes); see `LOOM_NOOP` below for the zero-diff
  variant.
- `LOOM_NOOP` — The work was already done in tree and this phase
  intentionally produced an empty diff. Close the bead with
  `bd close` before emitting. Use `LOOM_NOOP` instead of
  `LOOM_COMPLETE` whenever the diff is empty — an empty diff with
  `LOOM_COMPLETE` is treated as `zero-progress` and enters recovery.
  Only valid in worker phases.

If you cannot finish — needing human input or a decision among
multiple resolutions — emit one of the self-report markers
documented separately (see *Self-Report Markers*).

## Self-Report Markers

When you cannot complete the work, end your response with one of
these markers instead of a progress marker. They are mutually
exclusive with each other **and** with the progress markers — emit
exactly one, on its own line, as the final output of the session.

- `LOOM_BLOCKED` — You cannot proceed and are self-reporting
  *without* a menu of resolution options. Write the reason on the
  line immediately before the marker (the gate only reads the most
  recent non-empty prior line — multi-paragraph prose is NOT
  captured). The gate applies `loom:blocked` to *this* bead and exits
  without entering recovery; other beads in the molecule continue
  running. The labelled bead waits for human resolution via
  `loom msg`. **If you have multiple candidate resolutions, do NOT
  use `LOOM_BLOCKED`** — use `LOOM_CLARIFY` below so the options
  reach bead state.
- `LOOM_CLARIFY` — You have a specific question with structured
  options for the human. **Persist the question and the canonical
  `## Options — …` block to bead state before emitting the marker**
  — either by `bd create` on a new clarify bead or by `bd update
  --notes` + `bd update --add-label=loom:clarify` on an existing bead
  — per the Options Format Contract in `specs/gate.md`. The gate does
  NOT parse your prose for options; if the canonical block lives only
  in your stdout, `loom msg`'s queue will be empty. After persisting,
  the gate applies `loom:clarify` to *this* bead and exits without
  entering recovery; other beads in the molecule continue running.
  The labelled bead waits for `loom msg` resolution.
