---
source: crates/loom-templates/tests/snapshots.rs
expression: ctx.render().unwrap()
---
# Add Tasks to Existing Molecule

You are adding new tasks to an existing molecule. Your job is to identify new or
changed requirements and create tasks ONLY for those changes.

## Context Pinning

First, read the project overview to understand project terminology and context:

# Project Overview

Loom orchestrates the spec-to-implementation workflow.

## Current Feature

Label: harness
Spec file: specs/harness.md

## Anchor Spec

`harness` is the **anchor** for this session. The anchor spec below
(`specs/harness.md`) is shown for context — it's the spec that owns the
molecule, and it reflects what has already been implemented. Under
**Anchor-Driven Multi-Spec Planning**, a single `loom todo` run may also
create tasks for sibling specs in `specs/` that were touched during the plan
session; those sibling diffs appear in the Spec Diff section below.

Read the anchor spec at `specs/harness.md` for the full current contents before identifying changes.

## Companions

The following companion directories are in scope. Read each one's `manifest.md` on demand:



## Scratchpad

You have a per-session scratchpad at `.loom/scratch/<key>/scratch.md`,
where `<key>` is your session's concurrency unit — the spec label for `loom
plan` / `loom todo` sessions, the bead ID for `loom loop` / `loom gate` /
`loom msg` sessions. The file starts empty; append to it as the session
progresses.

**Purpose.** This is a **compaction-recovery aid, not durable storage.** The
file lives only for the lifetime of this session: the driver creates it at
session start and removes it at session end on every exit path. After
compaction, the harness re-pins the original prompt plus the scratchpad's
current contents so you regain the working notes you would otherwise have
lost.

**What to append:**

- Decisions you have made and the reasoning that tipped them, so you do not
  re-litigate them after compaction.
- Open questions you are tracking and what would resolve them.
- TODOs for the remainder of this session — files to touch next, checks to
  re-run, follow-ups inside this session's scope.
- Hypotheses you have already ruled out (with the evidence), so you do not
  re-explore them.

**What NOT to put here.** Anything that needs to outlive this session belongs
in a durable destination, not the scratchpad:

- Decisions, design rationale, or open questions that future sessions need →
  bead notes (`bd update <id> --notes "..."`) or the spec file (`specs/<label>.md`).
- Implementation context for future agents → spec file or `AGENTS.md` /
  companion docs.
- Why a change was made → the commit message.
- Cross-session follow-up work → a new bead (`bd create ...`).

The scratchpad will be deleted when this session ends. If a thought is worth
keeping past session end, write it to one of the durable destinations above
**before** you finish.

**How to append.** Append to the file directly — for example,
`echo "..." >> .loom/scratch/<key>/scratch.md` or via the Edit tool.
Do not rewrite or truncate prior contents; the recovery payload is the full
running log.

## Criterion Status

The status cache below shows the latest cached verifier verdict for each
Success-Criteria bullet in scope. Use these signals to distinguish criteria
already covered by a fresh-pass verifier from those that are stale, never-run,
or failing — they are the evidence the Decomposition Discipline (next section)
requires before you author any non-audit bead.

- **engine-001** · annotation `[check](cargo build -p loom-templates)` · result `Pass` · last commit `abc1234` · commits since 0 · last timestamp 1716300000000
- **engine-002** · annotation `[test](template_renders_are_byte_stable_across_runs)` · result `Fail` · last commit `def5678` · commits since 7 · last timestamp 1716200000000
- **criterion-status-001** · annotation `[test](todo_templates_render_criterion_status_rows)` · result `NoResult` · last commit — · commits since — · last timestamp —
- **engine-003** · annotation `[check](cargo run -p loom-walk -- template_pinning_matrix)` · result `Skipped` · last commit `9abcdef` · commits since 3 · last timestamp 1716250000000

## Decomposition Discipline

Every bead you author in this session must correspond to **evidence-confirmed
missing work**, not to a Success Criteria bullet considered in the abstract. A
spec criterion that already has a fresh, honest verifier verdict is positive
evidence of coverage, not a candidate for a new implementation bead.

### Audit before fan-out

Before authoring any non-audit bead, you MUST:

1. **Consult the `criterion_status` surface** rendered above for each
   criterion in scope. Each row exposes the criterion's annotation target,
   the cached verifier verdict (`Pass | Fail | Skipped | NoResult`), the
   timestamp of the run that produced that verdict, the commit it was
   recorded against, and how many commits have landed on HEAD since. A
   row whose verdict is `Pass`, whose timestamp is recent, and whose
   commits-since count is low is positive evidence of coverage — do
   **not** author a bead for it.

2. **Inspect representative implementations and verifier functions** for
   any row that is suspicious: a stale timestamp, a large commits-since
   value, a `NoResult` row on a fresh checkout, or a verifier-target
   name whose body may not actually exercise the live system. A
   directory listing proves the file exists; it does not prove the
   file contains the named target, and it does not prove the named
   target exercises the contract the criterion asserts. Read the
   verifier body, and read the production code path the verifier
   claims to cover.

The discipline is template-agnostic: it applies to whatever workspace
layout the consumer has. "Representative implementations" means the
production code path the criterion's verifier is supposed to exercise,
under whatever organisation that consumer's repository uses.

### What the audit governs

The `criterion_status` audit governs **how** the work you have been
handed decomposes into beads — split, merge, dependency-order — **not
whether** that work gets authored at all. The audit reflects
**prior-molecule** coverage as of the current HEAD; the planning inputs
to this session (the Implementation Notes section above, when present,
and the spec diff in `todo_update`) describe **next-molecule** planned
work that has not yet been implemented.

A planning input that describes implementation work is still a bead
even when the criteria it asserts already show as `Pass` in the
status surface — the `Pass` row is evidence that the *prior* molecule
landed its claim honestly, not evidence that the *next* planned
change has already shipped. Refusing to author such a bead because
the audit row is green is the failure mode this clause closes.

The audit's role is to discipline the *shape* of the decomposition:
which notes collapse into a single bead, which split across several,
how the resulting beads order against each other, and whether any of
them are made redundant by an existing fresh-pass verifier. It is
**not** a gate on whether the session produces beads at all when
planning inputs are present.

### Two acceptable session outcomes

A decomposition session has **exactly two** acceptable outcomes:

- **(a) Gap-targeted bead set.** You author beads only for criteria the
  audit confirms are missing, incomplete, or covered by a dishonest
  verifier (one that asserts a tautology, mocks the thing it claims to
  test, or otherwise passes for the wrong reason). For each such bead,
  cite the evidence that drove its creation in the bead description:
  the `criterion_status` row you consulted (annotation target, last
  verdict, timestamp/commits-since), the file you read that surfaced
  the gap, and/or the verifier-source observation that showed the
  target was dishonest. A bead without an evidence citation is a
  decomposition failure — the gate's review walk treats it as a
  fan-out by axis rather than by gap.

- **(b) Clarify on the molecule epic.** When coverage cannot be
  determined by inspection — the spec is ambiguous, verifier targets
  conflict, or your judgement of the status cache's trustworthiness
  is itself contestable — emit `LOOM_CLARIFY`. Persist both the
  question and the canonical `## Options — …` block to the **molecule
  epic's** notes per the *Options Format Contract* in `specs/gate.md`
  before emitting the marker. The verdict gate applies
  `loom:clarify` to the epic; the human resolves via `loom msg
  <epic>`, and a subsequent `loom todo` invocation consumes the
  answer from the epic's notes before fanning out.

Per-bead `loom:clarify` is not appropriate here: in `todo_new` the
child beads do not yet exist, and in `todo_update` they are exactly
the set under negotiation. The molecule epic is the only
session-stable carrier for "this molecule's decomposition is paused
pending clarification."

### Epic-first-always ordering

For the clarify-on-epic fallback to be viable mid-decomposition, the
molecule epic must exist **before** any criterion-by-criterion gap
analysis runs. In `todo_new` flows, create the molecule epic as the
first authoring step — before reading `criterion_status` rows for
gap analysis, before authoring any child bead. In `todo_update`
flows the molecule already exists, so the ordering is automatic.

Without this ordering, hitting an audit ambiguity mid-decomposition
would leave the clarify with no valid target — the very failure mode
the discipline is meant to prevent.

### Enumerate-everything fan-outs are structurally invalid

A fixed decomposition axis applied across the board irrespective of
evidence — for example, "setup, implementation, tests, documentation"
mechanically expanded onto every criterion — is precisely the failure
mode this discipline targets. The combined effect of (i) the
`criterion_status` surface exposing positive evidence that whole axes
already pass and (ii) the audit-before clause's evidence-confirmation
prerequisite for bead authorship makes such fan-outs structurally
unviable. `loom gate review`'s judge-tier walk is what catches any
decomposition that bypasses the `criterion_status` surface to
re-introduce enumerate-everything beads.

## Spec Changes

If `spec_diff` is provided, use that to identify new requirements **across all
listed specs**; otherwise use `existing_tasks` to compare against the anchor
spec and identify gaps.

Under **per-spec cursor fan-out**, `spec_diff` may span multiple sibling specs.
Each diff block is prefixed with its spec path in the form `=== specs/<s>.md ===`
so you can attribute every new requirement to the correct spec file.

### Spec Diff (git-based)

```diff
=== specs/harness.md ===
+ new requirement
```

### Existing Tasks

<agent-output>
- lm-3hhwq.1: scaffold workspace
</agent-output>

## Existing Molecule

Molecule ID: lm-3hhwq

Use `bd mol show lm-3hhwq` to see the current tasks in this molecule.
All new tasks in this session — whether they implement the anchor or a sibling
spec — bond to this molecule. Sibling specs do NOT get their own molecule.

## Instructions

1. **Identify changes** — If `spec_diff` is non-empty, focus on the added/changed
   lines in the diff across every spec listed under its `=== specs/<s>.md ===`
   headers. If `spec_diff` is empty, compare the full anchor spec against
   `existing_tasks` to find requirements that lack corresponding tasks.
2. **Create new tasks as children of the anchor's molecule**, labelling each
   task with the spec it implements (may differ from the anchor under fan-out):
   ```bash
   # <s> is the spec file the task implements, e.g. the anchor (harness) or
   # a sibling label derived from specs/<sibling>.md.
   TASK_ID=$(bd create --title="<task title>" --description="<detailed description>" \
     --type=task --labels="spec:<s>,profile:<profile>" --parent="lm-3hhwq" --silent)
   ```
3. **Assign profile per-task** based on implementation needs:
   - Tasks touching `.rs` files or using cargo → `profile:rust`
   - Tasks touching `.py` files or using pytest/pip → `profile:python`
   - Tasks touching only `.nix`, `.sh`, `.md` files → `profile:base`
4. **Set execution order** with `bd dep add` if new tasks depend on existing ones:
   ```bash
   bd dep add <new-task> <existing-task>  # new-task waits for existing-task
   ```
5. **Do NOT create tasks** for requirements that already have corresponding tasks
   in the molecule

### Key Concepts

| Mechanism | Purpose | Effect |
|-----------|---------|--------|
| `--parent` | Links task to the anchor's molecule | Enables `loom status` progress tracking |
| `bd dep add` | Sets execution order | Controls what `bd ready` returns next |
| `spec:<s>` | Marks which spec file a task implements | Attributes tasks to anchor vs sibling under fan-out |
| `profile:X` | Selects container profile | Determines toolchain available in `loom loop` |

## Task Breakdown Guidelines

- Each task should be **self-contained** with enough context for a fresh agent
- Consider dependencies on **existing tasks** in the molecule
- Keep tasks **focused** - one clear objective per task
- Include **test tasks** where appropriate
- **Assign profile per-task** based on what that specific task needs
- **Label each task with `spec:<s>`** identifying which spec file it implements
  — under fan-out, `<s>` may be the anchor label (`harness`) or a sibling label

## Spec Index Backfill (anchor only)

After creating tasks, check if the pinned-context file (the project spec index
shown above under "Context Pinning" — `docs/README.md` by default) has an empty
Beads column for the **anchor** spec (`harness`). If the Beads column is
empty, fill in the molecule ID (`lm-3hhwq`).

Sibling specs touched in this session do **not** get their own molecule — their
tasks bond to the anchor's molecule. Do **NOT** write the anchor's molecule ID
into any sibling's README Beads column; a sibling's row stays empty until it is
planned as its own anchor in a future `loom plan -u <sibling>` session.

## Progress Markers

End your response with exactly **one** marker on its own line, as
the final output of the session. The orchestrator parses **only the
final non-empty line** verbatim to derive the gate's verdict —
markers emitted on any earlier line are treated as
`swallowed-marker`, and multiple markers on the final line are
likewise rejected. Markers are mutually exclusive: emit one and
only one.

Progress markers report that the session's work is **done**:

- `LOOM_COMPLETE` — The work succeeded. For worker phases
  (`loom loop`), this also means the bead's acceptance criteria are
  met and the bead has been closed via `bd close`. The diff must be
  non-empty (real changes); see `LOOM_NOOP` below for the zero-diff
  variant.
- `LOOM_NOOP` — The work was already done in tree and this phase
  intentionally produced an empty diff. Close the bead with
  `bd close` before emitting. Use `LOOM_NOOP` instead of
  `LOOM_COMPLETE` whenever the diff is empty — an empty diff with
  `LOOM_COMPLETE` is treated as `zero-progress` and enters recovery.
  Only valid in worker phases.

If you cannot finish — needing human input or a decision among
multiple resolutions — emit one of the self-report markers
documented separately (see *Self-Report Markers*).

## Self-Report Markers

When you cannot complete the work, end your response with one of
these markers instead of a progress marker. They are mutually
exclusive with each other **and** with the progress markers — emit
exactly one, on its own line, as the final output of the session.

- `LOOM_BLOCKED` — You cannot proceed and are self-reporting
  *without* a menu of resolution options. Write the reason on the
  line immediately before the marker (the gate only reads the most
  recent non-empty prior line — multi-paragraph prose is NOT
  captured). The gate applies `loom:blocked` to *this* bead and exits
  without entering recovery; other beads in the molecule continue
  running. The labelled bead waits for human resolution via
  `loom msg`. **If you have multiple candidate resolutions, do NOT
  use `LOOM_BLOCKED`** — use `LOOM_CLARIFY` below so the options
  reach bead state.
- `LOOM_CLARIFY` — You have a specific question with structured
  options for the human. **Persist the question and the canonical
  `## Options — …` block to bead state before emitting the marker**
  — either by `bd create` on a new clarify bead or by `bd update
  --notes` + `bd update --add-label=loom:clarify` on an existing bead
  — per the Options Format Contract in `specs/gate.md`. The gate does
  NOT parse your prose for options; if the canonical block lives only
  in your stdout, `loom msg`'s queue will be empty. After persisting,
  the gate applies `loom:clarify` to *this* bead and exits without
  entering recovery; other beads in the molecule continue running.
  The labelled bead waits for `loom msg` resolution.
